Archive member included to satisfy reference by file (symbol)

/home/phan/.local/xPacks/@xpack-dev-tools/arm-none-eabi-gcc/12.3.1-1.2.1/.content/bin/../lib/gcc/arm-none-eabi/12.3.1/thumb/v7e-m/nofp/libgcc.a(_aeabi_uldivmod.o)
                              ./system/src/stm32f4-hal/stm32f4xx_hal_rcc.o (__aeabi_uldivmod)
/home/phan/.local/xPacks/@xpack-dev-tools/arm-none-eabi-gcc/12.3.1-1.2.1/.content/bin/../lib/gcc/arm-none-eabi/12.3.1/thumb/v7e-m/nofp/libgcc.a(_udivmoddi4.o)
                              /home/phan/.local/xPacks/@xpack-dev-tools/arm-none-eabi-gcc/12.3.1-1.2.1/.content/bin/../lib/gcc/arm-none-eabi/12.3.1/thumb/v7e-m/nofp/libgcc.a(_aeabi_uldivmod.o) (__udivmoddi4)
/home/phan/.local/xPacks/@xpack-dev-tools/arm-none-eabi-gcc/12.3.1-1.2.1/.content/bin/../lib/gcc/arm-none-eabi/12.3.1/thumb/v7e-m/nofp/libgcc.a(_dvmd_tls.o)
                              /home/phan/.local/xPacks/@xpack-dev-tools/arm-none-eabi-gcc/12.3.1-1.2.1/.content/bin/../lib/gcc/arm-none-eabi/12.3.1/thumb/v7e-m/nofp/libgcc.a(_aeabi_uldivmod.o) (__aeabi_ldiv0)
/home/phan/.local/xPacks/@xpack-dev-tools/arm-none-eabi-gcc/12.3.1-1.2.1/.content/bin/../lib/gcc/arm-none-eabi/12.3.1/../../../../arm-none-eabi/lib/thumb/v7e-m/nofp/libg_nano.a(libc_a-vsnprintf.o)
                              ./system/src/diag/trace.o (vsnprintf)
/home/phan/.local/xPacks/@xpack-dev-tools/arm-none-eabi-gcc/12.3.1-1.2.1/.content/bin/../lib/gcc/arm-none-eabi/12.3.1/../../../../arm-none-eabi/lib/thumb/v7e-m/nofp/libg_nano.a(libc_a-impure.o)
                              /home/phan/.local/xPacks/@xpack-dev-tools/arm-none-eabi-gcc/12.3.1-1.2.1/.content/bin/../lib/gcc/arm-none-eabi/12.3.1/../../../../arm-none-eabi/lib/thumb/v7e-m/nofp/libg_nano.a(libc_a-vsnprintf.o) (_impure_ptr)
/home/phan/.local/xPacks/@xpack-dev-tools/arm-none-eabi-gcc/12.3.1-1.2.1/.content/bin/../lib/gcc/arm-none-eabi/12.3.1/../../../../arm-none-eabi/lib/thumb/v7e-m/nofp/libg_nano.a(libc_a-errno.o)
                              ./system/src/newlib/sbrk.o (__errno)
/home/phan/.local/xPacks/@xpack-dev-tools/arm-none-eabi-gcc/12.3.1-1.2.1/.content/bin/../lib/gcc/arm-none-eabi/12.3.1/../../../../arm-none-eabi/lib/thumb/v7e-m/nofp/libg_nano.a(libc_a-strlen.o)
                              ./system/src/diag/trace.o (strlen)
/home/phan/.local/xPacks/@xpack-dev-tools/arm-none-eabi-gcc/12.3.1-1.2.1/.content/bin/../lib/gcc/arm-none-eabi/12.3.1/../../../../arm-none-eabi/lib/thumb/v7e-m/nofp/libg_nano.a(libc_a-nano-svfprintf.o)
                              /home/phan/.local/xPacks/@xpack-dev-tools/arm-none-eabi-gcc/12.3.1-1.2.1/.content/bin/../lib/gcc/arm-none-eabi/12.3.1/../../../../arm-none-eabi/lib/thumb/v7e-m/nofp/libg_nano.a(libc_a-vsnprintf.o) (_svfprintf_r)
/home/phan/.local/xPacks/@xpack-dev-tools/arm-none-eabi-gcc/12.3.1-1.2.1/.content/bin/../lib/gcc/arm-none-eabi/12.3.1/../../../../arm-none-eabi/lib/thumb/v7e-m/nofp/libg_nano.a(libc_a-nano-vfprintf_i.o)
                              /home/phan/.local/xPacks/@xpack-dev-tools/arm-none-eabi-gcc/12.3.1-1.2.1/.content/bin/../lib/gcc/arm-none-eabi/12.3.1/../../../../arm-none-eabi/lib/thumb/v7e-m/nofp/libg_nano.a(libc_a-nano-svfprintf.o) (_printf_i)
/home/phan/.local/xPacks/@xpack-dev-tools/arm-none-eabi-gcc/12.3.1-1.2.1/.content/bin/../lib/gcc/arm-none-eabi/12.3.1/../../../../arm-none-eabi/lib/thumb/v7e-m/nofp/libg_nano.a(libc_a-memmove.o)
                              /home/phan/.local/xPacks/@xpack-dev-tools/arm-none-eabi-gcc/12.3.1-1.2.1/.content/bin/../lib/gcc/arm-none-eabi/12.3.1/../../../../arm-none-eabi/lib/thumb/v7e-m/nofp/libg_nano.a(libc_a-nano-svfprintf.o) (memmove)
/home/phan/.local/xPacks/@xpack-dev-tools/arm-none-eabi-gcc/12.3.1-1.2.1/.content/bin/../lib/gcc/arm-none-eabi/12.3.1/../../../../arm-none-eabi/lib/thumb/v7e-m/nofp/libg_nano.a(libc_a-memchr.o)
                              /home/phan/.local/xPacks/@xpack-dev-tools/arm-none-eabi-gcc/12.3.1-1.2.1/.content/bin/../lib/gcc/arm-none-eabi/12.3.1/../../../../arm-none-eabi/lib/thumb/v7e-m/nofp/libg_nano.a(libc_a-nano-svfprintf.o) (memchr)
/home/phan/.local/xPacks/@xpack-dev-tools/arm-none-eabi-gcc/12.3.1-1.2.1/.content/bin/../lib/gcc/arm-none-eabi/12.3.1/../../../../arm-none-eabi/lib/thumb/v7e-m/nofp/libg_nano.a(libc_a-memcpy-stub.o)
                              /home/phan/.local/xPacks/@xpack-dev-tools/arm-none-eabi-gcc/12.3.1-1.2.1/.content/bin/../lib/gcc/arm-none-eabi/12.3.1/../../../../arm-none-eabi/lib/thumb/v7e-m/nofp/libg_nano.a(libc_a-nano-svfprintf.o) (memcpy)
/home/phan/.local/xPacks/@xpack-dev-tools/arm-none-eabi-gcc/12.3.1-1.2.1/.content/bin/../lib/gcc/arm-none-eabi/12.3.1/../../../../arm-none-eabi/lib/thumb/v7e-m/nofp/libg_nano.a(libc_a-freer.o)
                              /home/phan/.local/xPacks/@xpack-dev-tools/arm-none-eabi-gcc/12.3.1-1.2.1/.content/bin/../lib/gcc/arm-none-eabi/12.3.1/../../../../arm-none-eabi/lib/thumb/v7e-m/nofp/libg_nano.a(libc_a-nano-svfprintf.o) (_free_r)
[...]
Memory Configuration

Name             Origin             Length             Attributes
RAM              0x20000000         0x00020000         xrw
CCMRAM           0x10000000         0x00010000         xrw
FLASH            0x08000000         0x00100000         xr
FLASHB1          0x00000000         0x00000000         xr
EXTMEMB0         0x00000000         0x00000000         xr
EXTMEMB1         0x00000000         0x00000000         xr
EXTMEMB2         0x00000000         0x00000000         xr
EXTMEMB3         0x00000000         0x00000000         xr
MEMORY_ARRAY     0x20002000         0x00000020         xrw
*default*        0x00000000         0xffffffff

Linker script and memory map

LOAD ./system/src/stm32f4-hal/stm32f4xx_hal.o
LOAD ./system/src/stm32f4-hal/stm32f4xx_hal_cortex.o
LOAD ./system/src/stm32f4-hal/stm32f4xx_hal_flash.o
LOAD ./system/src/stm32f4-hal/stm32f4xx_hal_flash_ex.o
LOAD ./system/src/stm32f4-hal/stm32f4xx_hal_flash_ramfunc.o
LOAD ./system/src/stm32f4-hal/stm32f4xx_hal_gpio.o
LOAD ./system/src/stm32f4-hal/stm32f4xx_hal_iwdg.o
LOAD ./system/src/stm32f4-hal/stm32f4xx_hal_pwr.o
LOAD ./system/src/stm32f4-hal/stm32f4xx_hal_rcc.o
LOAD ./system/src/newlib/assert.o
LOAD ./system/src/newlib/cxx.o
LOAD ./system/src/newlib/exit.o
LOAD ./system/src/newlib/sbrk.o
LOAD ./system/src/newlib/startup.o
LOAD ./system/src/newlib/syscalls.o
LOAD ./system/src/diag/trace-impl.o
LOAD ./system/src/diag/trace.o
LOAD ./system/src/cortexm/exception-handlers.o
LOAD ./system/src/cortexm/initialize-hardware.o
LOAD ./system/src/cortexm/reset-hardware.o
LOAD ./system/src/cmsis/system_stm32f4xx.o
LOAD ./system/src/cmsis/vectors_stm32f407xx.o
LOAD ./src/initialize-hardware.o
LOAD ./src/led.o
LOAD ./src/main.o
LOAD ./src/stm32f4xx_hal_msp.o
LOAD ./src/timer.o
LOAD ./src/write.o
LOAD /home/phan/.local/xPacks/@xpack-dev-tools/arm-none-eabi-gcc/12.3.1-1.2.1/.content/bin/../lib/gcc/arm-none-eabi/12.3.1/../../../../arm-none-eabi/lib/thumb/v7e-m/nofp/libstdc++_nano.a
LOAD /home/phan/.local/xPacks/@xpack-dev-tools/arm-none-eabi-gcc/12.3.1-1.2.1/.content/bin/../lib/gcc/arm-none-eabi/12.3.1/../../../../arm-none-eabi/lib/thumb/v7e-m/nofp/libm.a
START GROUP
LOAD /home/phan/.local/xPacks/@xpack-dev-tools/arm-none-eabi-gcc/12.3.1-1.2.1/.content/bin/../lib/gcc/arm-none-eabi/12.3.1/thumb/v7e-m/nofp/libgcc.a
LOAD /home/phan/.local/xPacks/@xpack-dev-tools/arm-none-eabi-gcc/12.3.1-1.2.1/.content/bin/../lib/gcc/arm-none-eabi/12.3.1/../../../../arm-none-eabi/lib/thumb/v7e-m/nofp/libg_nano.a
LOAD /home/phan/.local/xPacks/@xpack-dev-tools/arm-none-eabi-gcc/12.3.1-1.2.1/.content/bin/../lib/gcc/arm-none-eabi/12.3.1/../../../../arm-none-eabi/lib/thumb/v7e-m/nofp/libc_nano.a
END GROUP
START GROUP
LOAD /home/phan/.local/xPacks/@xpack-dev-tools/arm-none-eabi-gcc/12.3.1-1.2.1/.content/bin/../lib/gcc/arm-none-eabi/12.3.1/thumb/v7e-m/nofp/libgcc.a
LOAD /home/phan/.local/xPacks/@xpack-dev-tools/arm-none-eabi-gcc/12.3.1-1.2.1/.content/bin/../lib/gcc/arm-none-eabi/12.3.1/../../../../arm-none-eabi/lib/thumb/v7e-m/nofp/libc_nano.a
END GROUP
                0x20020000                        __stack = (ORIGIN (RAM) + LENGTH (RAM))
                0x20020000                        _estack = __stack
                0x00000400                        __Main_Stack_Size = 0x400
                [!provide]                        PROVIDE (_Main_Stack_Size = __Main_Stack_Size)
                0x2001fc00                        __Main_Stack_Limit = (__stack - __Main_Stack_Size)
                [!provide]                        PROVIDE (_Main_Stack_Limit = __Main_Stack_Limit)
                0x00000100                        _Minimum_Stack_Size = 0x100
                0x20000138                        PROVIDE (_Heap_Begin = _end_noinit)
                0x2001fc00                        PROVIDE (_Heap_Limit = (__stack - __Main_Stack_Size))

.isr_vector     0x08000000      0x3e8
 FILL mask 0xff
                0x08000000                        __vectors_start = ABSOLUTE (.)
                0x08000000                        __vectors_start__ = ABSOLUTE (.)
 *(.isr_vector)
 .isr_vector    0x08000000      0x188 ./system/src/cmsis/vectors_stm32f407xx.o
                0x08000000                __isr_vectors
 *(.cfmconfig)
 *(.after_vectors .after_vectors.*)
 .after_vectors
                0x08000188      0x130 ./system/src/newlib/startup.o
                0x08000188                _start
 .after_vectors
                0x080002b8      0x12c ./system/src/cortexm/exception-handlers.o
                0x080002b8                Reset_Handler
                0x080002be                NMI_Handler
                0x080002c2                HardFault_Handler
                0x080002d6                HardFault_Handler_C
                0x08000334                MemManage_Handler
                0x08000338                BusFault_Handler
                0x0800034c                BusFault_Handler_C
                0x08000380                UsageFault_Handler
                0x08000394                UsageFault_Handler_C
                0x080003c8                SVC_Handler
                0x080003cc                DebugMon_Handler
                0x080003d0                PendSV_Handler
 .after_vectors
                0x080003e4        0x4 ./system/src/cmsis/vectors_stm32f407xx.o
                0x080003e4                RTC_Alarm_IRQHandler
                0x080003e4                HASH_RNG_IRQHandler
                0x080003e4                EXTI2_IRQHandler
                0x080003e4                TIM8_CC_IRQHandler
                0x080003e4                TIM1_CC_IRQHandler
                0x080003e4                DMA2_Stream5_IRQHandler
                0x080003e4                DMA1_Stream5_IRQHandler
                0x080003e4                PVD_IRQHandler
                0x080003e4                SDIO_IRQHandler
                0x080003e4                TAMP_STAMP_IRQHandler
                0x080003e4                CAN2_RX1_IRQHandler
                0x080003e4                EXTI3_IRQHandler
                0x080003e4                TIM8_TRG_COM_TIM14_IRQHandler
                0x080003e4                TIM1_UP_TIM10_IRQHandler
                0x080003e4                TIM8_UP_TIM13_IRQHandler
                0x080003e4                I2C3_ER_IRQHandler
                0x080003e4                EXTI0_IRQHandler
                0x080003e4                I2C2_EV_IRQHandler
                0x080003e4                DMA1_Stream2_IRQHandler
                0x080003e4                CAN1_RX0_IRQHandler
                0x080003e4                FPU_IRQHandler
                0x080003e4                OTG_HS_WKUP_IRQHandler
                0x080003e4                CAN2_SCE_IRQHandler
                0x080003e4                DMA2_Stream2_IRQHandler
                0x080003e4                SPI1_IRQHandler
                0x080003e4                TIM6_DAC_IRQHandler
                0x080003e4                TIM1_BRK_TIM9_IRQHandler
                0x080003e4                DCMI_IRQHandler
                0x080003e4                CAN2_RX0_IRQHandler
                0x080003e4                DMA2_Stream3_IRQHandler
                0x080003e4                USART6_IRQHandler
                0x080003e4                USART3_IRQHandler
                0x080003e4                CAN1_RX1_IRQHandler
                0x080003e4                UART5_IRQHandler
                0x080003e4                DMA2_Stream0_IRQHandler
                0x080003e4                TIM4_IRQHandler
                0x080003e4                I2C1_EV_IRQHandler
                0x080003e4                DMA1_Stream6_IRQHandler
                0x080003e4                DMA1_Stream1_IRQHandler
                0x080003e4                UART4_IRQHandler
                0x080003e4                TIM3_IRQHandler
                0x080003e4                RCC_IRQHandler
                0x080003e4                TIM8_BRK_TIM12_IRQHandler
                0x080003e4                Default_Handler
                0x080003e4                EXTI15_10_IRQHandler
                0x080003e4                ADC_IRQHandler
                0x080003e4                DMA1_Stream7_IRQHandler
                0x080003e4                TIM7_IRQHandler
                0x080003e4                CAN2_TX_IRQHandler
                0x080003e4                TIM5_IRQHandler
                0x080003e4                DMA2_Stream7_IRQHandler
                0x080003e4                I2C3_EV_IRQHandler
                0x080003e4                EXTI9_5_IRQHandler
                0x080003e4                RTC_WKUP_IRQHandler
                0x080003e4                ETH_WKUP_IRQHandler
                0x080003e4                SPI2_IRQHandler
                0x080003e4                OTG_HS_EP1_IN_IRQHandler
                0x080003e4                DMA1_Stream0_IRQHandler
                0x080003e4                CAN1_TX_IRQHandler
                0x080003e4                EXTI4_IRQHandler
                0x080003e4                ETH_IRQHandler
                0x080003e4                OTG_HS_EP1_OUT_IRQHandler
                0x080003e4                WWDG_IRQHandler
                0x080003e4                TIM2_IRQHandler
                0x080003e4                OTG_FS_WKUP_IRQHandler
                0x080003e4                TIM1_TRG_COM_TIM11_IRQHandler
                0x080003e4                OTG_HS_IRQHandler
                0x080003e4                EXTI1_IRQHandler
                0x080003e4                USART2_IRQHandler
                0x080003e4                I2C2_ER_IRQHandler
                0x080003e4                DMA2_Stream1_IRQHandler
                0x080003e4                CAN1_SCE_IRQHandler
                0x080003e4                FLASH_IRQHandler
                0x080003e4                DMA2_Stream4_IRQHandler
                0x080003e4                USART1_IRQHandler
                0x080003e4                OTG_FS_IRQHandler
                0x080003e4                SPI3_IRQHandler
                0x080003e4                DMA1_Stream4_IRQHandler
                0x080003e4                I2C1_ER_IRQHandler
                0x080003e4                FMC_IRQHandler
                0x080003e4                DMA2_Stream6_IRQHandler
                0x080003e4                DMA1_Stream3_IRQHandler

.inits          0x080003e8       0x28
                0x080003e8                        __data_regions_array_start = .
                0x080003e8        0x4 LONG 0x80026c4 LOADADDR (.data)
                0x080003ec        0x4 LONG 0x20000000 ADDR (.data)
                0x080003f0        0x4 LONG 0x20000090 (ADDR (.data) + SIZEOF (.data))
                0x080003f4        0x4 LONG 0x80026c4 LOADADDR (.data_CCMRAM)
                0x080003f8        0x4 LONG 0x10000000 ADDR (.data_CCMRAM)
                0x080003fc        0x4 LONG 0x10000000 (ADDR (.data_CCMRAM) + SIZEOF (.data_CCMRAM))
                0x08000400                        __data_regions_array_end = .
                0x08000400                        __bss_regions_array_start = .
                0x08000400        0x4 LONG 0x20000090 ADDR (.bss)
                0x08000404        0x4 LONG 0x20000138 (ADDR (.bss) + SIZEOF (.bss))
                0x08000408        0x4 LONG 0x10000000 ADDR (.bss_CCMRAM)
                0x0800040c        0x4 LONG 0x10000000 (ADDR (.bss_CCMRAM) + SIZEOF (.bss_CCMRAM))
                0x08000410                        __bss_regions_array_end = .
 *(.init)
 *(.fini)
                0x08000410                        . = ALIGN (0x4)
                0x08000410                        PROVIDE (__preinit_array_start = .)
 *(.preinit_array_sysinit .preinit_array_sysinit.*)
 *(.preinit_array_platform .preinit_array_platform.*)
 *(.preinit_array .preinit_array.*)
                0x08000410                        PROVIDE (__preinit_array_end = .)
                0x08000410                        . = ALIGN (0x4)
                0x08000410                        PROVIDE (__init_array_start = .)
 *(SORT_BY_NAME(.init_array.*))
 *(.init_array)
                0x08000410                        PROVIDE (__init_array_end = .)
                0x08000410                        . = ALIGN (0x4)
                0x08000410                        PROVIDE (__fini_array_start = .)
 *(SORT_BY_NAME(.fini_array.*))
 *(.fini_array)
                0x08000410                        PROVIDE (__fini_array_end = .)

.flashtext
 *(.flashtext .flashtext.*)

.text           0x08000410     0x22ac
 *(.text .text.*)
 .text.HAL_InitTick
                0x08000410       0x4c ./system/src/stm32f4-hal/stm32f4xx_hal.o
                0x08000410                HAL_InitTick
 .text.HAL_Init
                0x0800045c       0x34 ./system/src/stm32f4-hal/stm32f4xx_hal.o
                0x0800045c                HAL_Init
 .text.HAL_IncTick
                0x08000490       0x18 ./system/src/stm32f4-hal/stm32f4xx_hal.o
                0x08000490                HAL_IncTick
 .text.HAL_GetTick
                0x080004a8        0xc ./system/src/stm32f4-hal/stm32f4xx_hal.o
                0x080004a8                HAL_GetTick
 .text.__NVIC_SetPriority
                0x080004b4       0x28 ./system/src/stm32f4-hal/stm32f4xx_hal_cortex.o
 .text.NVIC_EncodePriority
                0x080004dc       0x3e ./system/src/stm32f4-hal/stm32f4xx_hal_cortex.o
 *fill*         0x0800051a        0x2 
 .text.HAL_NVIC_SetPriorityGrouping
                0x0800051c       0x3c ./system/src/stm32f4-hal/stm32f4xx_hal_cortex.o
                0x0800051c                HAL_NVIC_SetPriorityGrouping
 .text.HAL_NVIC_SetPriority
                0x08000558       0x48 ./system/src/stm32f4-hal/stm32f4xx_hal_cortex.o
                0x08000558                HAL_NVIC_SetPriority
 .text.HAL_SYSTICK_Config
                0x080005a0       0x28 ./system/src/stm32f4-hal/stm32f4xx_hal_cortex.o
                0x080005a0                HAL_SYSTICK_Config
 .text.HAL_SYSTICK_CLKSourceConfig
                0x080005c8       0x34 ./system/src/stm32f4-hal/stm32f4xx_hal_cortex.o
                0x080005c8                HAL_SYSTICK_CLKSourceConfig
 .text.HAL_GPIO_Init
                0x080005fc      0x2dc ./system/src/stm32f4-hal/stm32f4xx_hal_gpio.o
                0x080005fc                HAL_GPIO_Init
 .text.HAL_GPIO_WritePin
                0x080008d8       0x38 ./system/src/stm32f4-hal/stm32f4xx_hal_gpio.o
                0x080008d8                HAL_GPIO_WritePin
 .text.HAL_RCC_OscConfig
                0x08000910      0x4f8 ./system/src/stm32f4-hal/stm32f4xx_hal_rcc.o
                0x08000910                HAL_RCC_OscConfig
 .text.HAL_RCC_GetSysClockFreq
                0x08000e08       0xdc ./system/src/stm32f4-hal/stm32f4xx_hal_rcc.o
                0x08000e08                HAL_RCC_GetSysClockFreq
 .text.HAL_RCC_ClockConfig
                0x08000ee4      0x224 ./system/src/stm32f4-hal/stm32f4xx_hal_rcc.o
                0x08000ee4                HAL_RCC_ClockConfig
 .text.HAL_RCC_GetHCLKFreq
                0x08001108        0xc ./system/src/stm32f4-hal/stm32f4xx_hal_rcc.o
                0x08001108                HAL_RCC_GetHCLKFreq
 .text._exit    0x08001114        0x2 ./system/src/newlib/exit.o
                0x08001114                _exit
 *fill*         0x08001116        0x2 
 .text._sbrk    0x08001118       0x44 ./system/src/newlib/sbrk.o
                0x08001118                _sbrk
 .text.__initialize_args
                0x0800115c       0x10 ./system/src/newlib/syscalls.o
                0x0800115c                __initialize_args
 .text._trace_write_semihosting_debug
                0x0800116c       0x62 ./system/src/diag/trace-impl.o
 .text.trace_write
                0x080011ce        0x8 ./system/src/diag/trace-impl.o
                0x080011ce                trace_write
 *fill*         0x080011d6        0x2 
 .text.trace_printf
                0x080011d8       0x34 ./system/src/diag/trace.o
                0x080011d8                trace_printf
 .text.trace_puts
                0x0800120c       0x20 ./system/src/diag/trace.o
                0x0800120c                trace_puts
 .text.dumpExceptionStack
                0x0800122c       0xf4 ./system/src/cortexm/exception-handlers.o
                0x0800122c                dumpExceptionStack
 .text.isSemihosting
                0x08001320       0x20 ./system/src/cortexm/exception-handlers.o
                0x08001320                isSemihosting
 .text.__initialize_hardware_early
                0x08001340       0x18 ./system/src/cortexm/initialize-hardware.o
                0x08001340                __initialize_hardware_early
 .text.SystemInit
                0x08001358       0x10 ./system/src/cmsis/system_stm32f4xx.o
                0x08001358                SystemInit
 .text.SystemCoreClockUpdate
                0x08001368       0xa0 ./system/src/cmsis/system_stm32f4xx.o
                0x08001368                SystemCoreClockUpdate
 .text.SystemClock_Config
                0x08001408       0xa0 ./src/initialize-hardware.o
                0x08001408                SystemClock_Config
 .text.__initialize_hardware
                0x080014a8       0x10 ./src/initialize-hardware.o
                0x080014a8                __initialize_hardware
 .text.assert_failed
                0x080014b8       0x14 ./src/initialize-hardware.o
                0x080014b8                assert_failed
 .text.blink_led_on
                0x080014cc       0x14 ./src/led.o
                0x080014cc                blink_led_on
 .text.blink_led_off
                0x080014e0       0x14 ./src/led.o
                0x080014e0                blink_led_off
 .text.blink_led_init
                0x080014f4       0x38 ./src/led.o
                0x080014f4                blink_led_init
 .text.main     0x0800152c       0xa8 ./src/main.o
                0x0800152c                main
 .text.HAL_MspInit
                0x080015d4        0x2 ./src/stm32f4xx_hal_msp.o
                0x080015d4                HAL_MspInit
 *fill*         0x080015d6        0x2 
 .text.timer_start
                0x080015d8       0x38 ./src/timer.o
                0x080015d8                timer_start
 .text.timer_sleep
                0x08001610       0x14 ./src/timer.o
                0x08001610                timer_sleep
 .text.timer_tick
                0x08001624       0x14 ./src/timer.o
                0x08001624                timer_tick
 .text.SysTick_Handler
                0x08001638        0xc ./src/timer.o
                0x08001638                SysTick_Handler
 .text          0x08001644       0x30 /home/phan/.local/xPacks/@xpack-dev-tools/arm-none-eabi-gcc/12.3.1-1.2.1/.content/bin/../lib/gcc/arm-none-eabi/12.3.1/thumb/v7e-m/nofp/libgcc.a(_aeabi_uldivmod.o)
                0x08001644                __aeabi_uldivmod
 .text.__udivmoddi4
                0x08001674      0x2bc /home/phan/.local/xPacks/@xpack-dev-tools/arm-none-eabi-gcc/12.3.1-1.2.1/.content/bin/../lib/gcc/arm-none-eabi/12.3.1/thumb/v7e-m/nofp/libgcc.a(_udivmoddi4.o)
                0x08001674                __udivmoddi4
 .text          0x08001930        0x4 /home/phan/.local/xPacks/@xpack-dev-tools/arm-none-eabi-gcc/12.3.1-1.2.1/.content/bin/../lib/gcc/arm-none-eabi/12.3.1/thumb/v7e-m/nofp/libgcc.a(_dvmd_tls.o)
                0x08001930                __aeabi_ldiv0
                0x08001930                __aeabi_idiv0
 .text._vsnprintf_r
                0x08001934       0x56 /home/phan/.local/xPacks/@xpack-dev-tools/arm-none-eabi-gcc/12.3.1-1.2.1/.content/bin/../lib/gcc/arm-none-eabi/12.3.1/../../../../arm-none-eabi/lib/thumb/v7e-m/nofp/libg_nano.a(libc_a-vsnprintf.o)
                0x08001934                _vsnprintf_r
                0x08001934                _vsniprintf_r
 *fill*         0x0800198a        0x2 
 .text.vsnprintf
                0x0800198c       0x1c /home/phan/.local/xPacks/@xpack-dev-tools/arm-none-eabi-gcc/12.3.1-1.2.1/.content/bin/../lib/gcc/arm-none-eabi/12.3.1/../../../../arm-none-eabi/lib/thumb/v7e-m/nofp/libg_nano.a(libc_a-vsnprintf.o)
                0x0800198c                vsnprintf
                0x0800198c                vsniprintf
 .text.__errno  0x080019a8        0xc /home/phan/.local/xPacks/@xpack-dev-tools/arm-none-eabi-gcc/12.3.1-1.2.1/.content/bin/../lib/gcc/arm-none-eabi/12.3.1/../../../../arm-none-eabi/lib/thumb/v7e-m/nofp/libg_nano.a(libc_a-errno.o)
                0x080019a8                __errno
 .text          0x080019b4       0x10 /home/phan/.local/xPacks/@xpack-dev-tools/arm-none-eabi-gcc/12.3.1-1.2.1/.content/bin/../lib/gcc/arm-none-eabi/12.3.1/../../../../arm-none-eabi/lib/thumb/v7e-m/nofp/libg_nano.a(libc_a-strlen.o)
                0x080019b4                strlen
 .text.__ssputs_r
                0x080019c4       0xb6 /home/phan/.local/xPacks/@xpack-dev-tools/arm-none-eabi-gcc/12.3.1-1.2.1/.content/bin/../lib/gcc/arm-none-eabi/12.3.1/../../../../arm-none-eabi/lib/thumb/v7e-m/nofp/libg_nano.a(libc_a-nano-svfprintf.o)
                0x080019c4                __ssputs_r
 *fill*         0x08001a7a        0x2 
 .text._svfprintf_r
                0x08001a7c      0x1f8 /home/phan/.local/xPacks/@xpack-dev-tools/arm-none-eabi-gcc/12.3.1-1.2.1/.content/bin/../lib/gcc/arm-none-eabi/12.3.1/../../../../arm-none-eabi/lib/thumb/v7e-m/nofp/libg_nano.a(libc_a-nano-svfprintf.o)
                0x08001a7c                _svfprintf_r
                0x08001a7c                _svfiprintf_r
 .text._printf_common
                0x08001c74       0xda /home/phan/.local/xPacks/@xpack-dev-tools/arm-none-eabi-gcc/12.3.1-1.2.1/.content/bin/../lib/gcc/arm-none-eabi/12.3.1/../../../../arm-none-eabi/lib/thumb/v7e-m/nofp/libg_nano.a(libc_a-nano-vfprintf_i.o)
                0x08001c74                _printf_common
 *fill*         0x08001d4e        0x2 
 .text._printf_i
                0x08001d50      0x258 /home/phan/.local/xPacks/@xpack-dev-tools/arm-none-eabi-gcc/12.3.1-1.2.1/.content/bin/../lib/gcc/arm-none-eabi/12.3.1/../../../../arm-none-eabi/lib/thumb/v7e-m/nofp/libg_nano.a(libc_a-nano-vfprintf_i.o)
                0x08001d50                _printf_i
 .text.memmove  0x08001fa8       0x34 /home/phan/.local/xPacks/@xpack-dev-tools/arm-none-eabi-gcc/12.3.1-1.2.1/.content/bin/../lib/gcc/arm-none-eabi/12.3.1/../../../../arm-none-eabi/lib/thumb/v7e-m/nofp/libg_nano.a(libc_a-memmove.o)
                0x08001fa8                memmove
 *fill*         0x08001fdc        0x4 
 .text          0x08001fe0       0xa0 /home/phan/.local/xPacks/@xpack-dev-tools/arm-none-eabi-gcc/12.3.1-1.2.1/.content/bin/../lib/gcc/arm-none-eabi/12.3.1/../../../../arm-none-eabi/lib/thumb/v7e-m/nofp/libg_nano.a(libc_a-memchr.o)
                0x08001fe0                memchr
 .text.memcpy   0x08002080       0x1c /home/phan/.local/xPacks/@xpack-dev-tools/arm-none-eabi-gcc/12.3.1-1.2.1/.content/bin/../lib/gcc/arm-none-eabi/12.3.1/../../../../arm-none-eabi/lib/thumb/v7e-m/nofp/libg_nano.a(libc_a-memcpy-stub.o)
                0x08002080                memcpy
 .text._free_r  0x0800209c       0x94 /home/phan/.local/xPacks/@xpack-dev-tools/arm-none-eabi-gcc/12.3.1-1.2.1/.content/bin/../lib/gcc/arm-none-eabi/12.3.1/../../../../arm-none-eabi/lib/thumb/v7e-m/nofp/libg_nano.a(libc_a-freer.o)
                0x0800209c                _free_r
 .text.sbrk_aligned
                0x08002130       0x44 /home/phan/.local/xPacks/@xpack-dev-tools/arm-none-eabi-gcc/12.3.1-1.2.1/.content/bin/../lib/gcc/arm-none-eabi/12.3.1/../../../../arm-none-eabi/lib/thumb/v7e-m/nofp/libg_nano.a(libc_a-mallocr.o)
 .text._malloc_r
                0x08002174      0x100 /home/phan/.local/xPacks/@xpack-dev-tools/arm-none-eabi-gcc/12.3.1-1.2.1/.content/bin/../lib/gcc/arm-none-eabi/12.3.1/../../../../arm-none-eabi/lib/thumb/v7e-m/nofp/libg_nano.a(libc_a-mallocr.o)
                0x08002174                _malloc_r
 .text.__malloc_lock
                0x08002274        0xc /home/phan/.local/xPacks/@xpack-dev-tools/arm-none-eabi-gcc/12.3.1-1.2.1/.content/bin/../lib/gcc/arm-none-eabi/12.3.1/../../../../arm-none-eabi/lib/thumb/v7e-m/nofp/libg_nano.a(libc_a-mlock.o)
                0x08002274                __malloc_lock
 .text.__malloc_unlock
                0x08002280        0xc /home/phan/.local/xPacks/@xpack-dev-tools/arm-none-eabi-gcc/12.3.1-1.2.1/.content/bin/../lib/gcc/arm-none-eabi/12.3.1/../../../../arm-none-eabi/lib/thumb/v7e-m/nofp/libg_nano.a(libc_a-mlock.o)
                0x08002280                __malloc_unlock
 .text._realloc_r
                0x0800228c       0x5c /home/phan/.local/xPacks/@xpack-dev-tools/arm-none-eabi-gcc/12.3.1-1.2.1/.content/bin/../lib/gcc/arm-none-eabi/12.3.1/../../../../arm-none-eabi/lib/thumb/v7e-m/nofp/libg_nano.a(libc_a-reallocr.o)
                0x0800228c                _realloc_r
 .text._sbrk_r  0x080022e8       0x20 /home/phan/.local/xPacks/@xpack-dev-tools/arm-none-eabi-gcc/12.3.1-1.2.1/.content/bin/../lib/gcc/arm-none-eabi/12.3.1/../../../../arm-none-eabi/lib/thumb/v7e-m/nofp/libg_nano.a(libc_a-sbrkr.o)
                0x080022e8                _sbrk_r
 .text.__retarget_lock_acquire_recursive
                0x08002308        0x2 /home/phan/.local/xPacks/@xpack-dev-tools/arm-none-eabi-gcc/12.3.1-1.2.1/.content/bin/../lib/gcc/arm-none-eabi/12.3.1/../../../../arm-none-eabi/lib/thumb/v7e-m/nofp/libg_nano.a(libc_a-lock.o)
                0x08002308                __retarget_lock_acquire_recursive
 .text.__retarget_lock_release_recursive
                0x0800230a        0x2 /home/phan/.local/xPacks/@xpack-dev-tools/arm-none-eabi-gcc/12.3.1-1.2.1/.content/bin/../lib/gcc/arm-none-eabi/12.3.1/../../../../arm-none-eabi/lib/thumb/v7e-m/nofp/libg_nano.a(libc_a-lock.o)
                0x0800230a                __retarget_lock_release_recursive
 .text._malloc_usable_size_r
                0x0800230c       0x10 /home/phan/.local/xPacks/@xpack-dev-tools/arm-none-eabi-gcc/12.3.1-1.2.1/.content/bin/../lib/gcc/arm-none-eabi/12.3.1/../../../../arm-none-eabi/lib/thumb/v7e-m/nofp/libg_nano.a(libc_a-msizer.o)
                0x0800230c                _malloc_usable_size_r
 *(.rodata .rodata.* .constdata .constdata.*)
 .rodata.HAL_NVIC_SetPriorityGrouping.str1.4
                0x0800231c       0x31 ./system/src/stm32f4-hal/stm32f4xx_hal_cortex.o
 *fill*         0x0800234d        0x3 
 .rodata.HAL_GPIO_Init.str1.4
                0x08002350       0x2f ./system/src/stm32f4-hal/stm32f4xx_hal_gpio.o
 *fill*         0x0800237f        0x1 
 .rodata.HAL_RCC_OscConfig.str1.4
                0x08002380       0x2e ./system/src/stm32f4-hal/stm32f4xx_hal_rcc.o
 .rodata.trace_puts.str1.4
                0x080023ae       0x2e ./system/src/diag/trace.o
                                  0x2 (size before relaxing)
 *fill*         0x080023ae        0x2 
 .rodata.dumpExceptionStack.str1.4
                0x080023b0      0x11a ./system/src/cortexm/exception-handlers.o
 *fill*         0x080024ca        0x2 
 .rodata.str1.4
                0x080024cc       0x2a ./system/src/cortexm/exception-handlers.o
 *fill*         0x080024f6        0x2 
 .rodata.AHBPrescTable
                0x080024f8       0x10 ./system/src/cmsis/system_stm32f4xx.o
                0x080024f8                AHBPrescTable
 .rodata.assert_failed.str1.4
                0x08002508       0x2d ./src/initialize-hardware.o
 *fill*         0x08002535        0x3 
 .rodata.main.str1.4
                0x08002538       0xd8 ./src/main.o
 .rodata._svfprintf_r.str1.1
                0x08002610       0x11 /home/phan/.local/xPacks/@xpack-dev-tools/arm-none-eabi-gcc/12.3.1-1.2.1/.content/bin/../lib/gcc/arm-none-eabi/12.3.1/../../../../arm-none-eabi/lib/thumb/v7e-m/nofp/libg_nano.a(libc_a-nano-svfprintf.o)
 .rodata._printf_i.str1.1
                0x08002621       0x22 /home/phan/.local/xPacks/@xpack-dev-tools/arm-none-eabi-gcc/12.3.1-1.2.1/.content/bin/../lib/gcc/arm-none-eabi/12.3.1/../../../../arm-none-eabi/lib/thumb/v7e-m/nofp/libg_nano.a(libc_a-nano-vfprintf_i.o)
 *(vtable)
 *(.eh_frame*)
 *fill*         0x08002643        0x1 
 .eh_frame      0x08002644       0x28 /home/phan/.local/xPacks/@xpack-dev-tools/arm-none-eabi-gcc/12.3.1-1.2.1/.content/bin/../lib/gcc/arm-none-eabi/12.3.1/../../../../arm-none-eabi/lib/thumb/v7e-m/nofp/libg_nano.a(libc_a-strlen.o)
 .eh_frame      0x0800266c       0x50 /home/phan/.local/xPacks/@xpack-dev-tools/arm-none-eabi-gcc/12.3.1-1.2.1/.content/bin/../lib/gcc/arm-none-eabi/12.3.1/../../../../arm-none-eabi/lib/thumb/v7e-m/nofp/libg_nano.a(libc_a-memchr.o)
 *(.glue_7)
 .glue_7        0x080026bc        0x0 linker stubs
 *(.glue_7t)
 .glue_7t       0x080026bc        0x0 linker stubs

.vfp11_veneer   0x080026bc        0x0
 .vfp11_veneer  0x080026bc        0x0 linker stubs

.v4_bx          0x080026bc        0x0
 .v4_bx         0x080026bc        0x0 linker stubs

.iplt           0x080026bc        0x0
 .iplt          0x080026bc        0x0 ./system/src/stm32f4-hal/stm32f4xx_hal.o

.ARM.extab
 *(.ARM.extab* .gnu.linkonce.armextab.*)
                0x080026bc                        . = ALIGN (0x4)
                0x080026bc                        __exidx_start = .

.ARM.exidx      0x080026bc        0x8
 *(.ARM.exidx* .gnu.linkonce.armexidx.*)
 .ARM.exidx.text.__udivmoddi4
                0x080026bc        0x8 /home/phan/.local/xPacks/@xpack-dev-tools/arm-none-eabi-gcc/12.3.1-1.2.1/.content/bin/../lib/gcc/arm-none-eabi/12.3.1/thumb/v7e-m/nofp/libgcc.a(_udivmoddi4.o)
 .ARM.exidx     0x080026c4        0x0 /home/phan/.local/xPacks/@xpack-dev-tools/arm-none-eabi-gcc/12.3.1-1.2.1/.content/bin/../lib/gcc/arm-none-eabi/12.3.1/../../../../arm-none-eabi/lib/thumb/v7e-m/nofp/libg_nano.a(libc_a-strlen.o)
                                  0x8 (size before relaxing)
 .ARM.exidx     0x080026c4        0x0 /home/phan/.local/xPacks/@xpack-dev-tools/arm-none-eabi-gcc/12.3.1-1.2.1/.content/bin/../lib/gcc/arm-none-eabi/12.3.1/../../../../arm-none-eabi/lib/thumb/v7e-m/nofp/libg_nano.a(libc_a-memchr.o)
                                  0x8 (size before relaxing)
                0x080026c4                        __exidx_end = .

.rel.dyn        0x080026c4        0x0
 .rel.iplt      0x080026c4        0x0 ./system/src/stm32f4-hal/stm32f4xx_hal.o
                0x080026c4                        . = ALIGN (0x4)
                0x080026c4                        _etext = .
                0x080026c4                        __etext = .

.data_CCMRAM    0x10000000        0x0 load address 0x080026c4
 FILL mask 0xff
 *(.data.CCMRAM .data.CCMRAM.*)
                0x10000000                        . = ALIGN (0x4)
                0x080026c4                        _sidata = LOADADDR (.data)

.data           0x20000000       0x90 load address 0x080026c4
 FILL mask 0xff
                0x20000000                        _sdata = .
                0x20000000                        __data_start__ = .
 *(.data_begin .data_begin.*)
 .data_begin    0x20000000        0x4 ./system/src/newlib/startup.o
 *(.data .data.*)
 .data.uwTickFreq
                0x20000004        0x1 ./system/src/stm32f4-hal/stm32f4xx_hal.o
                0x20000004                uwTickFreq
 *fill*         0x20000005        0x3 ff
 .data.uwTickPrio
                0x20000008        0x4 ./system/src/stm32f4-hal/stm32f4xx_hal.o
                0x20000008                uwTickPrio
 .data.argv.1   0x2000000c        0x8 ./system/src/newlib/syscalls.o
 .data.SystemCoreClock
                0x20000014        0x4 ./system/src/cmsis/system_stm32f4xx.o
                0x20000014                SystemCoreClock
 .data.temperature
                0x20000018       0x24 ./src/main.o
                0x20000018                temperature
 .data._impure_ptr
                0x2000003c        0x4 /home/phan/.local/xPacks/@xpack-dev-tools/arm-none-eabi-gcc/12.3.1-1.2.1/.content/bin/../lib/gcc/arm-none-eabi/12.3.1/../../../../arm-none-eabi/lib/thumb/v7e-m/nofp/libg_nano.a(libc_a-impure.o)
                0x2000003c                _impure_ptr
 .data._impure_data
                0x20000040       0x4c /home/phan/.local/xPacks/@xpack-dev-tools/arm-none-eabi-gcc/12.3.1-1.2.1/.content/bin/../lib/gcc/arm-none-eabi/12.3.1/../../../../arm-none-eabi/lib/thumb/v7e-m/nofp/libg_nano.a(libc_a-impure.o)
                0x20000040                _impure_data
 *(.data_end .data_end.*)
 .data_end      0x2000008c        0x4 ./system/src/newlib/startup.o
                0x20000090                        . = ALIGN (0x4)
                0x20000090                        _edata = .
                0x20000090                        __data_end__ = .

.igot.plt       0x20000090        0x0 load address 0x08002754
 .igot.plt      0x20000090        0x0 ./system/src/stm32f4-hal/stm32f4xx_hal.o

.bss_CCMRAM     0x10000000        0x0
 *(.bss.CCMRAM .bss.CCMRAM.*)

.bss            0x20000090       0xa8
                0x20000090                        __bss_start__ = .
                0x20000090                        _sbss = .
 *(.bss_begin .bss_begin.*)
 .bss_begin     0x20000090        0x4 ./system/src/newlib/startup.o
 *(.bss .bss.*)
 .bss.uwTick    0x20000094        0x4 ./system/src/stm32f4-hal/stm32f4xx_hal.o
                0x20000094                uwTick
 .bss.current_heap_end.0
                0x20000098        0x4 ./system/src/newlib/sbrk.o
 .bss.name.0    0x2000009c        0x1 ./system/src/newlib/syscalls.o
 *fill*         0x2000009d        0x3 
 .bss.errno     0x200000a0        0x4 ./system/src/newlib/syscalls.o
                0x200000a0                errno
 .bss.buf.0     0x200000a4       0x80 ./system/src/diag/trace.o
 .bss.timer_delayCount
                0x20000124        0x4 ./src/timer.o
                0x20000124                timer_delayCount
 .bss.__malloc_sbrk_start
                0x20000128        0x4 /home/phan/.local/xPacks/@xpack-dev-tools/arm-none-eabi-gcc/12.3.1-1.2.1/.content/bin/../lib/gcc/arm-none-eabi/12.3.1/../../../../arm-none-eabi/lib/thumb/v7e-m/nofp/libg_nano.a(libc_a-mallocr.o)
                0x20000128                __malloc_sbrk_start
 .bss.__malloc_free_list
                0x2000012c        0x4 /home/phan/.local/xPacks/@xpack-dev-tools/arm-none-eabi-gcc/12.3.1-1.2.1/.content/bin/../lib/gcc/arm-none-eabi/12.3.1/../../../../arm-none-eabi/lib/thumb/v7e-m/nofp/libg_nano.a(libc_a-mallocr.o)
                0x2000012c                __malloc_free_list
 .bss.__lock___malloc_recursive_mutex
                0x20000130        0x1 /home/phan/.local/xPacks/@xpack-dev-tools/arm-none-eabi-gcc/12.3.1-1.2.1/.content/bin/../lib/gcc/arm-none-eabi/12.3.1/../../../../arm-none-eabi/lib/thumb/v7e-m/nofp/libg_nano.a(libc_a-lock.o)
                0x20000130                __lock___malloc_recursive_mutex
 *(COMMON)
 *(.bss_end .bss_end.*)
 *fill*         0x20000131        0x3 
 .bss_end       0x20000134        0x4 ./system/src/newlib/startup.o
                0x20000138                        . = ALIGN (0x4)
                0x20000138                        __bss_end__ = .
                0x20000138                        _ebss = .

.noinit_CCMRAM
 *(.noinit.CCMRAM .noinit.CCMRAM.*)

.noinit         0x20000138        0x0
                0x20000138                        _noinit = .
 *(.noinit .noinit.*)
                0x20000138                        . = ALIGN (0x4)
                0x20000138                        _end_noinit = .
                [!provide]                        PROVIDE (end = _end_noinit)
                [!provide]                        PROVIDE (_end = _end_noinit)
                [!provide]                        PROVIDE (__end = _end_noinit)
                [!provide]                        PROVIDE (__end__ = _end_noinit)

._check_stack   0x20000138      0x100
                0x20000238                        . = (. + _Minimum_Stack_Size)
 *fill*         0x20000138      0x100 

.b1text
 *(.b1text)
 *(.b1rodata)
 *(.b1rodata.*)

.eb0text
 *(.eb0text)
 *(.eb0rodata)
 *(.eb0rodata.*)

.eb1text
 *(.eb1text)
 *(.eb1rodata)
 *(.eb1rodata.*)

.eb2text
 *(.eb2text)
 *(.eb2rodata)
 *(.eb2rodata.*)

.eb3text
 *(.eb3text)
 *(.eb3rodata)
 *(.eb3rodata.*)

.stab
 *(.stab)

.stabstr
 *(.stabstr)

.stab.excl
 *(.stab.excl)

.stab.exclstr
 *(.stab.exclstr)

.stab.index
 *(.stab.index)

.stab.indexstr
 *(.stab.indexstr)

.comment        0x00000000       0x39
 *(.comment)
 .comment       0x00000000       0x39 ./system/src/stm32f4-hal/stm32f4xx_hal.o
                                 0x3a (size before relaxing)
 .comment       0x00000039       0x3a ./system/src/stm32f4-hal/stm32f4xx_hal_cortex.o
 .comment       0x00000039       0x3a ./system/src/stm32f4-hal/stm32f4xx_hal_gpio.o
 .comment       0x00000039       0x3a ./system/src/stm32f4-hal/stm32f4xx_hal_rcc.o
 .comment       0x00000039       0x3a ./system/src/newlib/exit.o
 .comment       0x00000039       0x3a ./system/src/newlib/sbrk.o
 .comment       0x00000039       0x3a ./system/src/newlib/startup.o
 .comment       0x00000039       0x3a ./system/src/newlib/syscalls.o
 .comment       0x00000039       0x3a ./system/src/diag/trace-impl.o
 .comment       0x00000039       0x3a ./system/src/diag/trace.o
 .comment       0x00000039       0x3a ./system/src/cortexm/exception-handlers.o
 .comment       0x00000039       0x3a ./system/src/cortexm/initialize-hardware.o
 .comment       0x00000039       0x3a ./system/src/cmsis/system_stm32f4xx.o
 .comment       0x00000039       0x3a ./system/src/cmsis/vectors_stm32f407xx.o
 .comment       0x00000039       0x3a ./src/initialize-hardware.o
 .comment       0x00000039       0x3a ./src/led.o
 .comment       0x00000039       0x3a ./src/main.o
 .comment       0x00000039       0x3a ./src/stm32f4xx_hal_msp.o
 .comment       0x00000039       0x3a ./src/timer.o
 .comment       0x00000039       0x3a /home/phan/.local/xPacks/@xpack-dev-tools/arm-none-eabi-gcc/12.3.1-1.2.1/.content/bin/../lib/gcc/arm-none-eabi/12.3.1/thumb/v7e-m/nofp/libgcc.a(_udivmoddi4.o)
 .comment       0x00000039       0x3a /home/phan/.local/xPacks/@xpack-dev-tools/arm-none-eabi-gcc/12.3.1-1.2.1/.content/bin/../lib/gcc/arm-none-eabi/12.3.1/../../../../arm-none-eabi/lib/thumb/v7e-m/nofp/libg_nano.a(libc_a-vsnprintf.o)
 .comment       0x00000039       0x3a /home/phan/.local/xPacks/@xpack-dev-tools/arm-none-eabi-gcc/12.3.1-1.2.1/.content/bin/../lib/gcc/arm-none-eabi/12.3.1/../../../../arm-none-eabi/lib/thumb/v7e-m/nofp/libg_nano.a(libc_a-impure.o)
 .comment       0x00000039       0x3a /home/phan/.local/xPacks/@xpack-dev-tools/arm-none-eabi-gcc/12.3.1-1.2.1/.content/bin/../lib/gcc/arm-none-eabi/12.3.1/../../../../arm-none-eabi/lib/thumb/v7e-m/nofp/libg_nano.a(libc_a-errno.o)
 .comment       0x00000039       0x3a /home/phan/.local/xPacks/@xpack-dev-tools/arm-none-eabi-gcc/12.3.1-1.2.1/.content/bin/../lib/gcc/arm-none-eabi/12.3.1/../../../../arm-none-eabi/lib/thumb/v7e-m/nofp/libg_nano.a(libc_a-nano-svfprintf.o)
 .comment       0x00000039       0x3a /home/phan/.local/xPacks/@xpack-dev-tools/arm-none-eabi-gcc/12.3.1-1.2.1/.content/bin/../lib/gcc/arm-none-eabi/12.3.1/../../../../arm-none-eabi/lib/thumb/v7e-m/nofp/libg_nano.a(libc_a-nano-vfprintf_i.o)
 .comment       0x00000039       0x3a /home/phan/.local/xPacks/@xpack-dev-tools/arm-none-eabi-gcc/12.3.1-1.2.1/.content/bin/../lib/gcc/arm-none-eabi/12.3.1/../../../../arm-none-eabi/lib/thumb/v7e-m/nofp/libg_nano.a(libc_a-memmove.o)
 .comment       0x00000039       0x3a /home/phan/.local/xPacks/@xpack-dev-tools/arm-none-eabi-gcc/12.3.1-1.2.1/.content/bin/../lib/gcc/arm-none-eabi/12.3.1/../../../../arm-none-eabi/lib/thumb/v7e-m/nofp/libg_nano.a(libc_a-memcpy-stub.o)
 .comment       0x00000039       0x3a /home/phan/.local/xPacks/@xpack-dev-tools/arm-none-eabi-gcc/12.3.1-1.2.1/.content/bin/../lib/gcc/arm-none-eabi/12.3.1/../../../../arm-none-eabi/lib/thumb/v7e-m/nofp/libg_nano.a(libc_a-freer.o)
 .comment       0x00000039       0x3a /home/phan/.local/xPacks/@xpack-dev-tools/arm-none-eabi-gcc/12.3.1-1.2.1/.content/bin/../lib/gcc/arm-none-eabi/12.3.1/../../../../arm-none-eabi/lib/thumb/v7e-m/nofp/libg_nano.a(libc_a-mallocr.o)
 .comment       0x00000039       0x3a /home/phan/.local/xPacks/@xpack-dev-tools/arm-none-eabi-gcc/12.3.1-1.2.1/.content/bin/../lib/gcc/arm-none-eabi/12.3.1/../../../../arm-none-eabi/lib/thumb/v7e-m/nofp/libg_nano.a(libc_a-mlock.o)
 .comment       0x00000039       0x3a /home/phan/.local/xPacks/@xpack-dev-tools/arm-none-eabi-gcc/12.3.1-1.2.1/.content/bin/../lib/gcc/arm-none-eabi/12.3.1/../../../../arm-none-eabi/lib/thumb/v7e-m/nofp/libg_nano.a(libc_a-reallocr.o)
 .comment       0x00000039       0x3a /home/phan/.local/xPacks/@xpack-dev-tools/arm-none-eabi-gcc/12.3.1-1.2.1/.content/bin/../lib/gcc/arm-none-eabi/12.3.1/../../../../arm-none-eabi/lib/thumb/v7e-m/nofp/libg_nano.a(libc_a-sbrkr.o)
 .comment       0x00000039       0x3a /home/phan/.local/xPacks/@xpack-dev-tools/arm-none-eabi-gcc/12.3.1-1.2.1/.content/bin/../lib/gcc/arm-none-eabi/12.3.1/../../../../arm-none-eabi/lib/thumb/v7e-m/nofp/libg_nano.a(libc_a-lock.o)
 .comment       0x00000039       0x3a /home/phan/.local/xPacks/@xpack-dev-tools/arm-none-eabi-gcc/12.3.1-1.2.1/.content/bin/../lib/gcc/arm-none-eabi/12.3.1/../../../../arm-none-eabi/lib/thumb/v7e-m/nofp/libg_nano.a(libc_a-msizer.o)

.ARM.attributes
                0x00000000       0x2c
 .ARM.attributes
                0x00000000       0x2e ./system/src/stm32f4-hal/stm32f4xx_hal.o
 .ARM.attributes
                0x0000002e       0x2e ./system/src/stm32f4-hal/stm32f4xx_hal_cortex.o
 .ARM.attributes
                0x0000005c       0x2e ./system/src/stm32f4-hal/stm32f4xx_hal_gpio.o
 .ARM.attributes
                0x0000008a       0x2e ./system/src/stm32f4-hal/stm32f4xx_hal_rcc.o
 .ARM.attributes
                0x000000b8       0x2e ./system/src/newlib/exit.o
 .ARM.attributes
                0x000000e6       0x2e ./system/src/newlib/sbrk.o
 .ARM.attributes
                0x00000114       0x2e ./system/src/newlib/startup.o
 .ARM.attributes
                0x00000142       0x2e ./system/src/newlib/syscalls.o
 .ARM.attributes
                0x00000170       0x2e ./system/src/diag/trace-impl.o
 .ARM.attributes
                0x0000019e       0x2e ./system/src/diag/trace.o
 .ARM.attributes
                0x000001cc       0x2e ./system/src/cortexm/exception-handlers.o
 .ARM.attributes
                0x000001fa       0x2e ./system/src/cortexm/initialize-hardware.o
 .ARM.attributes
                0x00000228       0x2e ./system/src/cmsis/system_stm32f4xx.o
 .ARM.attributes
                0x00000256       0x2e ./system/src/cmsis/vectors_stm32f407xx.o
 .ARM.attributes
                0x00000284       0x2e ./src/initialize-hardware.o
 .ARM.attributes
                0x000002b2       0x2e ./src/led.o
 .ARM.attributes
                0x000002e0       0x2e ./src/main.o
 .ARM.attributes
                0x0000030e       0x2e ./src/stm32f4xx_hal_msp.o
 .ARM.attributes
                0x0000033c       0x2e ./src/timer.o
 .ARM.attributes
                0x0000036a       0x1e /home/phan/.local/xPacks/@xpack-dev-tools/arm-none-eabi-gcc/12.3.1-1.2.1/.content/bin/../lib/gcc/arm-none-eabi/12.3.1/thumb/v7e-m/nofp/libgcc.a(_aeabi_uldivmod.o)
 .ARM.attributes
                0x00000388       0x2e /home/phan/.local/xPacks/@xpack-dev-tools/arm-none-eabi-gcc/12.3.1-1.2.1/.content/bin/../lib/gcc/arm-none-eabi/12.3.1/thumb/v7e-m/nofp/libgcc.a(_udivmoddi4.o)
 .ARM.attributes
                0x000003b6       0x1e /home/phan/.local/xPacks/@xpack-dev-tools/arm-none-eabi-gcc/12.3.1-1.2.1/.content/bin/../lib/gcc/arm-none-eabi/12.3.1/thumb/v7e-m/nofp/libgcc.a(_dvmd_tls.o)
 .ARM.attributes
                0x000003d4       0x2e /home/phan/.local/xPacks/@xpack-dev-tools/arm-none-eabi-gcc/12.3.1-1.2.1/.content/bin/../lib/gcc/arm-none-eabi/12.3.1/../../../../arm-none-eabi/lib/thumb/v7e-m/nofp/libg_nano.a(libc_a-vsnprintf.o)
 .ARM.attributes
                0x00000402       0x2e /home/phan/.local/xPacks/@xpack-dev-tools/arm-none-eabi-gcc/12.3.1-1.2.1/.content/bin/../lib/gcc/arm-none-eabi/12.3.1/../../../../arm-none-eabi/lib/thumb/v7e-m/nofp/libg_nano.a(libc_a-impure.o)
 .ARM.attributes
                0x00000430       0x2e /home/phan/.local/xPacks/@xpack-dev-tools/arm-none-eabi-gcc/12.3.1-1.2.1/.content/bin/../lib/gcc/arm-none-eabi/12.3.1/../../../../arm-none-eabi/lib/thumb/v7e-m/nofp/libg_nano.a(libc_a-errno.o)
 .ARM.attributes
                0x0000045e       0x17 /home/phan/.local/xPacks/@xpack-dev-tools/arm-none-eabi-gcc/12.3.1-1.2.1/.content/bin/../lib/gcc/arm-none-eabi/12.3.1/../../../../arm-none-eabi/lib/thumb/v7e-m/nofp/libg_nano.a(libc_a-strlen.o)
 .ARM.attributes
                0x00000475       0x2e /home/phan/.local/xPacks/@xpack-dev-tools/arm-none-eabi-gcc/12.3.1-1.2.1/.content/bin/../lib/gcc/arm-none-eabi/12.3.1/../../../../arm-none-eabi/lib/thumb/v7e-m/nofp/libg_nano.a(libc_a-nano-svfprintf.o)
 .ARM.attributes
                0x000004a3       0x2e /home/phan/.local/xPacks/@xpack-dev-tools/arm-none-eabi-gcc/12.3.1-1.2.1/.content/bin/../lib/gcc/arm-none-eabi/12.3.1/../../../../arm-none-eabi/lib/thumb/v7e-m/nofp/libg_nano.a(libc_a-nano-vfprintf_i.o)
 .ARM.attributes
                0x000004d1       0x2e /home/phan/.local/xPacks/@xpack-dev-tools/arm-none-eabi-gcc/12.3.1-1.2.1/.content/bin/../lib/gcc/arm-none-eabi/12.3.1/../../../../arm-none-eabi/lib/thumb/v7e-m/nofp/libg_nano.a(libc_a-memmove.o)
 .ARM.attributes
                0x000004ff       0x1c /home/phan/.local/xPacks/@xpack-dev-tools/arm-none-eabi-gcc/12.3.1-1.2.1/.content/bin/../lib/gcc/arm-none-eabi/12.3.1/../../../../arm-none-eabi/lib/thumb/v7e-m/nofp/libg_nano.a(libc_a-memchr.o)
 .ARM.attributes
                0x0000051b       0x2e /home/phan/.local/xPacks/@xpack-dev-tools/arm-none-eabi-gcc/12.3.1-1.2.1/.content/bin/../lib/gcc/arm-none-eabi/12.3.1/../../../../arm-none-eabi/lib/thumb/v7e-m/nofp/libg_nano.a(libc_a-memcpy-stub.o)
 .ARM.attributes
                0x00000549       0x2e /home/phan/.local/xPacks/@xpack-dev-tools/arm-none-eabi-gcc/12.3.1-1.2.1/.content/bin/../lib/gcc/arm-none-eabi/12.3.1/../../../../arm-none-eabi/lib/thumb/v7e-m/nofp/libg_nano.a(libc_a-freer.o)
 .ARM.attributes
                0x00000577       0x2e /home/phan/.local/xPacks/@xpack-dev-tools/arm-none-eabi-gcc/12.3.1-1.2.1/.content/bin/../lib/gcc/arm-none-eabi/12.3.1/../../../../arm-none-eabi/lib/thumb/v7e-m/nofp/libg_nano.a(libc_a-mallocr.o)
 .ARM.attributes
                0x000005a5       0x2e /home/phan/.local/xPacks/@xpack-dev-tools/arm-none-eabi-gcc/12.3.1-1.2.1/.content/bin/../lib/gcc/arm-none-eabi/12.3.1/../../../../arm-none-eabi/lib/thumb/v7e-m/nofp/libg_nano.a(libc_a-mlock.o)
 .ARM.attributes
                0x000005d3       0x2e /home/phan/.local/xPacks/@xpack-dev-tools/arm-none-eabi-gcc/12.3.1-1.2.1/.content/bin/../lib/gcc/arm-none-eabi/12.3.1/../../../../arm-none-eabi/lib/thumb/v7e-m/nofp/libg_nano.a(libc_a-reallocr.o)
 .ARM.attributes
                0x00000601       0x2e /home/phan/.local/xPacks/@xpack-dev-tools/arm-none-eabi-gcc/12.3.1-1.2.1/.content/bin/../lib/gcc/arm-none-eabi/12.3.1/../../../../arm-none-eabi/lib/thumb/v7e-m/nofp/libg_nano.a(libc_a-sbrkr.o)
 .ARM.attributes
                0x0000062f       0x2e /home/phan/.local/xPacks/@xpack-dev-tools/arm-none-eabi-gcc/12.3.1-1.2.1/.content/bin/../lib/gcc/arm-none-eabi/12.3.1/../../../../arm-none-eabi/lib/thumb/v7e-m/nofp/libg_nano.a(libc_a-lock.o)
 .ARM.attributes
                0x0000065d       0x2e /home/phan/.local/xPacks/@xpack-dev-tools/arm-none-eabi-gcc/12.3.1-1.2.1/.content/bin/../lib/gcc/arm-none-eabi/12.3.1/../../../../arm-none-eabi/lib/thumb/v7e-m/nofp/libg_nano.a(libc_a-msizer.o)

.debug
 *(.debug)

.line
 *(.line)

.debug_srcinfo
 *(.debug_srcinfo)

.debug_sfnames
 *(.debug_sfnames)

.debug_aranges  0x00000000      0x5b8
 *(.debug_aranges)
 .debug_aranges
                0x00000000       0xf0 ./system/src/stm32f4-hal/stm32f4xx_hal.o
 .debug_aranges
                0x000000f0       0xd8 ./system/src/stm32f4-hal/stm32f4xx_hal_cortex.o
 .debug_aranges
                0x000001c8       0x58 ./system/src/stm32f4-hal/stm32f4xx_hal_gpio.o
 .debug_aranges
                0x00000220       0x88 ./system/src/stm32f4-hal/stm32f4xx_hal_rcc.o
 .debug_aranges
                0x000002a8       0x28 ./system/src/newlib/exit.o
 .debug_aranges
                0x000002d0       0x20 ./system/src/newlib/sbrk.o
 .debug_aranges
                0x000002f0       0x40 ./system/src/newlib/startup.o
 .debug_aranges
                0x00000330       0x30 ./system/src/newlib/syscalls.o
 .debug_aranges
                0x00000360       0x30 ./system/src/diag/trace-impl.o
 .debug_aranges
                0x00000390       0x38 ./system/src/diag/trace.o
 .debug_aranges
                0x000003c8       0x90 ./system/src/cortexm/exception-handlers.o
 .debug_aranges
                0x00000458       0x28 ./system/src/cortexm/initialize-hardware.o
 .debug_aranges
                0x00000480       0x28 ./system/src/cmsis/system_stm32f4xx.o
 .debug_aranges
                0x000004a8       0x20 ./system/src/cmsis/vectors_stm32f407xx.o
 .debug_aranges
                0x000004c8       0x30 ./src/initialize-hardware.o
 .debug_aranges
                0x000004f8       0x30 ./src/led.o
 .debug_aranges
                0x00000528       0x20 ./src/main.o
 .debug_aranges
                0x00000548       0x38 ./src/stm32f4xx_hal_msp.o
 .debug_aranges
                0x00000580       0x38 ./src/timer.o

.debug_pubnames
 *(.debug_pubnames)

.debug_info     0x00000000     0x6687
 *(.debug_info .gnu.linkonce.wi.*)
 .debug_info    0x00000000      0xa2a ./system/src/stm32f4-hal/stm32f4xx_hal.o
 .debug_info    0x00000a2a     0x11f0 ./system/src/stm32f4-hal/stm32f4xx_hal_cortex.o
 .debug_info    0x00001c1a      0x875 ./system/src/stm32f4-hal/stm32f4xx_hal_gpio.o
 .debug_info    0x0000248f      0xcee ./system/src/stm32f4-hal/stm32f4xx_hal_rcc.o
 .debug_info    0x0000317d      0x104 ./system/src/newlib/exit.o
 .debug_info    0x00003281      0x10f ./system/src/newlib/sbrk.o
 .debug_info    0x00003390      0x54f ./system/src/newlib/startup.o
 .debug_info    0x000038df      0x1c3 ./system/src/newlib/syscalls.o
 .debug_info    0x00003aa2      0x319 ./system/src/diag/trace-impl.o
 .debug_info    0x00003dbb      0x34b ./system/src/diag/trace.o
 .debug_info    0x00004106      0x91e ./system/src/cortexm/exception-handlers.o
 .debug_info    0x00004a24      0x278 ./system/src/cortexm/initialize-hardware.o
 .debug_info    0x00004c9c      0x511 ./system/src/cmsis/system_stm32f4xx.o
 .debug_info    0x000051ad      0x10b ./system/src/cmsis/vectors_stm32f407xx.o
 .debug_info    0x000052b8      0x590 ./src/initialize-hardware.o
 .debug_info    0x00005848      0x414 ./src/led.o
 .debug_info    0x00005c5c      0x26f ./src/main.o
 .debug_info    0x00005ecb       0xb8 ./src/stm32f4xx_hal_msp.o
 .debug_info    0x00005f83      0x704 ./src/timer.o

.debug_abbrev   0x00000000     0x204b
 *(.debug_abbrev)
 .debug_abbrev  0x00000000      0x248 ./system/src/stm32f4-hal/stm32f4xx_hal.o
 .debug_abbrev  0x00000248      0x400 ./system/src/stm32f4-hal/stm32f4xx_hal_cortex.o
 .debug_abbrev  0x00000648      0x23f ./system/src/stm32f4-hal/stm32f4xx_hal_gpio.o
 .debug_abbrev  0x00000887      0x2dd ./system/src/stm32f4-hal/stm32f4xx_hal_rcc.o
 .debug_abbrev  0x00000b64       0xc5 ./system/src/newlib/exit.o
 .debug_abbrev  0x00000c29       0xcc ./system/src/newlib/sbrk.o
 .debug_abbrev  0x00000cf5      0x25a ./system/src/newlib/startup.o
 .debug_abbrev  0x00000f4f      0x118 ./system/src/newlib/syscalls.o
 .debug_abbrev  0x00001067      0x1e6 ./system/src/diag/trace-impl.o
 .debug_abbrev  0x0000124d      0x184 ./system/src/diag/trace.o
 .debug_abbrev  0x000013d1      0x28c ./system/src/cortexm/exception-handlers.o
 .debug_abbrev  0x0000165d      0x105 ./system/src/cortexm/initialize-hardware.o
 .debug_abbrev  0x00001762      0x121 ./system/src/cmsis/system_stm32f4xx.o
 .debug_abbrev  0x00001883       0xb8 ./system/src/cmsis/vectors_stm32f407xx.o
 .debug_abbrev  0x0000193b      0x216 ./src/initialize-hardware.o
 .debug_abbrev  0x00001b51      0x180 ./src/led.o
 .debug_abbrev  0x00001cd1      0x13d ./src/main.o
 .debug_abbrev  0x00001e0e       0x47 ./src/stm32f4xx_hal_msp.o
 .debug_abbrev  0x00001e55      0x1f6 ./src/timer.o

.debug_line     0x00000000     0xb460
 *(.debug_line)
 .debug_line    0x00000000      0xbdb ./system/src/stm32f4-hal/stm32f4xx_hal.o
 .debug_line    0x00000bdb     0x105b ./system/src/stm32f4-hal/stm32f4xx_hal_cortex.o
 .debug_line    0x00001c36      0xe78 ./system/src/stm32f4-hal/stm32f4xx_hal_gpio.o
 .debug_line    0x00002aae     0x1281 ./system/src/stm32f4-hal/stm32f4xx_hal_rcc.o
 .debug_line    0x00003d2f      0x3d2 ./system/src/newlib/exit.o
 .debug_line    0x00004101      0x3c3 ./system/src/newlib/sbrk.o
 .debug_line    0x000044c4      0x64d ./system/src/newlib/startup.o
 .debug_line    0x00004b11      0x50b ./system/src/newlib/syscalls.o
 .debug_line    0x0000501c      0xc11 ./system/src/diag/trace-impl.o
 .debug_line    0x00005c2d      0x4ad ./system/src/diag/trace.o
 .debug_line    0x000060da      0xe59 ./system/src/cortexm/exception-handlers.o
 .debug_line    0x00006f33      0x89d ./system/src/cortexm/initialize-hardware.o
 .debug_line    0x000077d0      0x92f ./system/src/cmsis/system_stm32f4xx.o
 .debug_line    0x000080ff      0x135 ./system/src/cmsis/vectors_stm32f407xx.o
 .debug_line    0x00008234      0xbd2 ./src/initialize-hardware.o
 .debug_line    0x00008e06      0x8aa ./src/led.o
 .debug_line    0x000096b0      0xbd3 ./src/main.o
 .debug_line    0x0000a283      0x88d ./src/stm32f4xx_hal_msp.o
 .debug_line    0x0000ab10      0x950 ./src/timer.o

.debug_frame    0x00000000      0xc08
 *(.debug_frame)
 .debug_frame   0x00000000      0x1f0 ./system/src/stm32f4-hal/stm32f4xx_hal.o
 .debug_frame   0x000001f0      0x214 ./system/src/stm32f4-hal/stm32f4xx_hal_cortex.o
 .debug_frame   0x00000404       0xfc ./system/src/stm32f4-hal/stm32f4xx_hal_gpio.o
 .debug_frame   0x00000500      0x16c ./system/src/stm32f4-hal/stm32f4xx_hal_rcc.o
 .debug_frame   0x0000066c       0x38 ./system/src/newlib/exit.o
 .debug_frame   0x000006a4       0x28 ./system/src/newlib/sbrk.o
 .debug_frame   0x000006cc       0x7c ./system/src/newlib/startup.o
 .debug_frame   0x00000748       0x50 ./system/src/newlib/syscalls.o
 .debug_frame   0x00000798       0x64 ./system/src/diag/trace-impl.o
 .debug_frame   0x000007fc       0x94 ./system/src/diag/trace.o
 .debug_frame   0x00000890      0x158 ./system/src/cortexm/exception-handlers.o
 .debug_frame   0x000009e8       0x40 ./system/src/cortexm/initialize-hardware.o
 .debug_frame   0x00000a28       0x30 ./system/src/cmsis/system_stm32f4xx.o
 .debug_frame   0x00000a58       0x20 ./system/src/cmsis/vectors_stm32f407xx.o
 .debug_frame   0x00000a78       0x60 ./src/initialize-hardware.o
 .debug_frame   0x00000ad8       0x5c ./src/led.o
 .debug_frame   0x00000b34       0x2c ./src/main.o
 .debug_frame   0x00000b60       0x50 ./src/stm32f4xx_hal_msp.o
 .debug_frame   0x00000bb0       0x58 ./src/timer.o

.debug_str      0x00000000    0xf693f
 *(.debug_str)
 .debug_str     0x00000000    0xee855 ./system/src/stm32f4-hal/stm32f4xx_hal.o
                              0xeebe6 (size before relaxing)
 .debug_str     0x000ee855      0x3a7 ./system/src/stm32f4-hal/stm32f4xx_hal_cortex.o
                              0xee906 (size before relaxing)
 .debug_str     0x000eebfc      0x27d ./system/src/stm32f4-hal/stm32f4xx_hal_gpio.o
                              0xee26d (size before relaxing)
 .debug_str     0x000eee79      0x3b0 ./system/src/stm32f4-hal/stm32f4xx_hal_rcc.o
                              0xee47f (size before relaxing)
 .debug_str     0x000ef229     0x4995 ./system/src/newlib/exit.o
                               0x7be2 (size before relaxing)
 .debug_str     0x000f3bbe      0x4df ./system/src/newlib/sbrk.o
                               0x6fc5 (size before relaxing)
 .debug_str     0x000f409d      0x2cb ./system/src/newlib/startup.o
                               0x66d7 (size before relaxing)
 .debug_str     0x000f4368     0x1513 ./system/src/newlib/syscalls.o
                               0x8f54 (size before relaxing)
 .debug_str     0x000f587b      0x387 ./system/src/diag/trace-impl.o
                              0xf199b (size before relaxing)
 .debug_str     0x000f5c02      0x7f6 ./system/src/diag/trace.o
                               0x8356 (size before relaxing)
 .debug_str     0x000f63f8      0x19d ./system/src/cortexm/exception-handlers.o
                              0xf2c71 (size before relaxing)
 .debug_str     0x000f6595       0x5d ./system/src/cortexm/initialize-hardware.o
                              0xedf7b (size before relaxing)
 .debug_str     0x000f65f2       0x46 ./system/src/cmsis/system_stm32f4xx.o
                              0xee069 (size before relaxing)
 .debug_str     0x000f6638       0x59 ./system/src/cmsis/vectors_stm32f407xx.o
                               0x39e7 (size before relaxing)
 .debug_str     0x000f6691       0x35 ./src/initialize-hardware.o
                              0xf1958 (size before relaxing)
 .debug_str     0x000f66c6      0x137 ./src/led.o
                              0xee150 (size before relaxing)
 .debug_str     0x000f67fd       0xda ./src/main.o
                              0xf30e9 (size before relaxing)
 .debug_str     0x000f68d7       0x3d ./src/stm32f4xx_hal_msp.o
                              0xedebb (size before relaxing)
 .debug_str     0x000f6914       0x2b ./src/timer.o
                              0xee580 (size before relaxing)

.debug_loc
 *(.debug_loc)

.debug_macinfo
 *(.debug_macinfo)

.debug_weaknames
 *(.debug_weaknames)

.debug_funcnames
 *(.debug_funcnames)

.debug_typenames
 *(.debug_typenames)

.debug_varnames
 *(.debug_varnames)
OUTPUT(Exercise1.elf elf32-littlearm)
LOAD linker stubs

.debug_loclists
                0x00000000     0x1656
 .debug_loclists
                0x00000000       0xbe ./system/src/stm32f4-hal/stm32f4xx_hal.o
 .debug_loclists
                0x000000be      0x4ce ./system/src/stm32f4-hal/stm32f4xx_hal_cortex.o
 .debug_loclists
                0x0000058c      0x434 ./system/src/stm32f4-hal/stm32f4xx_hal_gpio.o
 .debug_loclists
                0x000009c0      0x3a8 ./system/src/stm32f4-hal/stm32f4xx_hal_rcc.o
 .debug_loclists
                0x00000d68       0x17 ./system/src/newlib/exit.o
 .debug_loclists
                0x00000d7f       0x69 ./system/src/newlib/sbrk.o
 .debug_loclists
                0x00000de8      0x2b7 ./system/src/newlib/startup.o
 .debug_loclists
                0x0000109f       0x51 ./system/src/newlib/syscalls.o
 .debug_loclists
                0x000010f0       0xf5 ./system/src/diag/trace-impl.o
 .debug_loclists
                0x000011e5       0xb2 ./system/src/diag/trace.o
 .debug_loclists
                0x00001297      0x203 ./system/src/cortexm/exception-handlers.o
 .debug_loclists
                0x0000149a       0xdb ./system/src/cmsis/system_stm32f4xx.o
 .debug_loclists
                0x00001575       0x48 ./src/initialize-hardware.o
 .debug_loclists
                0x000015bd       0x52 ./src/main.o
 .debug_loclists
                0x0000160f       0x47 ./src/timer.o

.debug_rnglists
                0x00000000      0x47f
 .debug_rnglists
                0x00000000       0xaf ./system/src/stm32f4-hal/stm32f4xx_hal.o
 .debug_rnglists
                0x000000af       0xda ./system/src/stm32f4-hal/stm32f4xx_hal_cortex.o
 .debug_rnglists
                0x00000189       0x3f ./system/src/stm32f4-hal/stm32f4xx_hal_gpio.o
 .debug_rnglists
                0x000001c8       0x75 ./system/src/stm32f4-hal/stm32f4xx_hal_rcc.o
 .debug_rnglists
                0x0000023d       0x19 ./system/src/newlib/exit.o
 .debug_rnglists
                0x00000256       0x13 ./system/src/newlib/sbrk.o
 .debug_rnglists
                0x00000269       0x50 ./system/src/newlib/startup.o
 .debug_rnglists
                0x000002b9       0x1f ./system/src/newlib/syscalls.o
 .debug_rnglists
                0x000002d8       0x2b ./system/src/diag/trace-impl.o
 .debug_rnglists
                0x00000303       0x25 ./system/src/diag/trace.o
 .debug_rnglists
                0x00000328       0x74 ./system/src/cortexm/exception-handlers.o
 .debug_rnglists
                0x0000039c       0x19 ./system/src/cortexm/initialize-hardware.o
 .debug_rnglists
                0x000003b5       0x1a ./system/src/cmsis/system_stm32f4xx.o
 .debug_rnglists
                0x000003cf       0x13 ./system/src/cmsis/vectors_stm32f407xx.o
 .debug_rnglists
                0x000003e2       0x20 ./src/initialize-hardware.o
 .debug_rnglists
                0x00000402       0x1f ./src/led.o
 .debug_rnglists
                0x00000421       0x14 ./src/main.o
 .debug_rnglists
                0x00000435       0x25 ./src/stm32f4xx_hal_msp.o
 .debug_rnglists
                0x0000045a       0x25 ./src/timer.o

.debug_macro    0x00000000    0x28e24
 .debug_macro   0x00000000      0x40d ./system/src/stm32f4-hal/stm32f4xx_hal.o
 .debug_macro   0x0000040d      0xaba ./system/src/stm32f4-hal/stm32f4xx_hal.o
 .debug_macro   0x00000ec7      0x3a2 ./system/src/stm32f4-hal/stm32f4xx_hal.o
 .debug_macro   0x00001269       0x2e ./system/src/stm32f4-hal/stm32f4xx_hal.o
 .debug_macro   0x00001297       0x2f ./system/src/stm32f4-hal/stm32f4xx_hal.o
 .debug_macro   0x000012c6      0x34e ./system/src/stm32f4-hal/stm32f4xx_hal.o
 .debug_macro   0x00001614       0x1c ./system/src/stm32f4-hal/stm32f4xx_hal.o
 .debug_macro   0x00001630       0x22 ./system/src/stm32f4-hal/stm32f4xx_hal.o
 .debug_macro   0x00001652       0xd9 ./system/src/stm32f4-hal/stm32f4xx_hal.o
 .debug_macro   0x0000172b     0x102d ./system/src/stm32f4-hal/stm32f4xx_hal.o
 .debug_macro   0x00002758      0x11f ./system/src/stm32f4-hal/stm32f4xx_hal.o
 .debug_macro   0x00002877    0x15e3c ./system/src/stm32f4-hal/stm32f4xx_hal.o
 .debug_macro   0x000186b3       0x43 ./system/src/stm32f4-hal/stm32f4xx_hal.o
 .debug_macro   0x000186f6     0x3659 ./system/src/stm32f4-hal/stm32f4xx_hal.o
 .debug_macro   0x0001bd4f      0x189 ./system/src/stm32f4-hal/stm32f4xx_hal.o
 .debug_macro   0x0001bed8       0x5a ./system/src/stm32f4-hal/stm32f4xx_hal.o
 .debug_macro   0x0001bf32      0x96b ./system/src/stm32f4-hal/stm32f4xx_hal.o
 .debug_macro   0x0001c89d      0x9fe ./system/src/stm32f4-hal/stm32f4xx_hal.o
 .debug_macro   0x0001d29b      0x117 ./system/src/stm32f4-hal/stm32f4xx_hal.o
 .debug_macro   0x0001d3b2      0x13e ./system/src/stm32f4-hal/stm32f4xx_hal.o
 .debug_macro   0x0001d4f0       0x27 ./system/src/stm32f4-hal/stm32f4xx_hal.o
 .debug_macro   0x0001d517      0x174 ./system/src/stm32f4-hal/stm32f4xx_hal.o
 .debug_macro   0x0001d68b      0x287 ./system/src/stm32f4-hal/stm32f4xx_hal.o
 .debug_macro   0x0001d912       0x5f ./system/src/stm32f4-hal/stm32f4xx_hal.o
 .debug_macro   0x0001d971      0x236 ./system/src/stm32f4-hal/stm32f4xx_hal.o
 .debug_macro   0x0001dba7      0x391 ./system/src/stm32f4-hal/stm32f4xx_hal.o
 .debug_macro   0x0001df38      0x176 ./system/src/stm32f4-hal/stm32f4xx_hal.o
 .debug_macro   0x0001e0ae       0xf9 ./system/src/stm32f4-hal/stm32f4xx_hal.o
 .debug_macro   0x0001e1a7      0x40f ./system/src/stm32f4-hal/stm32f4xx_hal.o
 .debug_macro   0x0001e5b6       0x22 ./system/src/stm32f4-hal/stm32f4xx_hal.o
 .debug_macro   0x0001e5d8       0xea ./system/src/stm32f4-hal/stm32f4xx_hal.o
 .debug_macro   0x0001e6c2       0xa0 ./system/src/stm32f4-hal/stm32f4xx_hal.o
 .debug_macro   0x0001e762       0x3c ./system/src/stm32f4-hal/stm32f4xx_hal.o
 .debug_macro   0x0001e79e       0x1f ./system/src/stm32f4-hal/stm32f4xx_hal.o
 .debug_macro   0x0001e7bd      0x1d2 ./system/src/stm32f4-hal/stm32f4xx_hal.o
 .debug_macro   0x0001e98f      0xccf ./system/src/stm32f4-hal/stm32f4xx_hal.o
 .debug_macro   0x0001f65e      0x12c ./system/src/stm32f4-hal/stm32f4xx_hal.o
 .debug_macro   0x0001f78a      0x21e ./system/src/stm32f4-hal/stm32f4xx_hal.o
 .debug_macro   0x0001f9a8       0x2e ./system/src/stm32f4-hal/stm32f4xx_hal.o
 .debug_macro   0x0001f9d6      0x543 ./system/src/stm32f4-hal/stm32f4xx_hal.o
 .debug_macro   0x0001ff19       0x88 ./system/src/stm32f4-hal/stm32f4xx_hal.o
 .debug_macro   0x0001ffa1       0xea ./system/src/stm32f4-hal/stm32f4xx_hal.o
 .debug_macro   0x0002008b      0x184 ./system/src/stm32f4-hal/stm32f4xx_hal.o
 .debug_macro   0x0002020f      0x1b5 ./system/src/stm32f4-hal/stm32f4xx_hal.o
 .debug_macro   0x000203c4       0xd6 ./system/src/stm32f4-hal/stm32f4xx_hal.o
 .debug_macro   0x0002049a      0x26b ./system/src/stm32f4-hal/stm32f4xx_hal.o
 .debug_macro   0x00020705      0x1a7 ./system/src/stm32f4-hal/stm32f4xx_hal.o
 .debug_macro   0x000208ac       0x46 ./system/src/stm32f4-hal/stm32f4xx_hal.o
 .debug_macro   0x000208f2       0x4a ./system/src/stm32f4-hal/stm32f4xx_hal.o
 .debug_macro   0x0002093c       0x78 ./system/src/stm32f4-hal/stm32f4xx_hal.o
 .debug_macro   0x000209b4      0x11a ./system/src/stm32f4-hal/stm32f4xx_hal.o
 .debug_macro   0x00020ace       0x7e ./system/src/stm32f4-hal/stm32f4xx_hal.o
 .debug_macro   0x00020b4c       0x89 ./system/src/stm32f4-hal/stm32f4xx_hal.o
 .debug_macro   0x00020bd5       0xa4 ./system/src/stm32f4-hal/stm32f4xx_hal.o
 .debug_macro   0x00020c79      0x31a ./system/src/stm32f4-hal/stm32f4xx_hal.o
 .debug_macro   0x00020f93      0x405 ./system/src/stm32f4-hal/stm32f4xx_hal.o
 .debug_macro   0x00021398       0xe4 ./system/src/stm32f4-hal/stm32f4xx_hal.o
 .debug_macro   0x0002147c      0x861 ./system/src/stm32f4-hal/stm32f4xx_hal.o
 .debug_macro   0x00021cdd      0x1d5 ./system/src/stm32f4-hal/stm32f4xx_hal.o
 .debug_macro   0x00021eb2      0x225 ./system/src/stm32f4-hal/stm32f4xx_hal.o
 .debug_macro   0x000220d7      0x8a0 ./system/src/stm32f4-hal/stm32f4xx_hal.o
 .debug_macro   0x00022977       0x47 ./system/src/stm32f4-hal/stm32f4xx_hal.o
 .debug_macro   0x000229be      0x287 ./system/src/stm32f4-hal/stm32f4xx_hal.o
 .debug_macro   0x00022c45      0x217 ./system/src/stm32f4-hal/stm32f4xx_hal.o
 .debug_macro   0x00022e5c      0x1b5 ./system/src/stm32f4-hal/stm32f4xx_hal.o
 .debug_macro   0x00023011      0x2db ./system/src/stm32f4-hal/stm32f4xx_hal.o
 .debug_macro   0x000232ec       0x8d ./system/src/stm32f4-hal/stm32f4xx_hal.o
 .debug_macro   0x00023379      0x21e ./system/src/stm32f4-hal/stm32f4xx_hal.o
 .debug_macro   0x00023597       0xba ./system/src/stm32f4-hal/stm32f4xx_hal.o
 .debug_macro   0x00023651       0x6e ./system/src/stm32f4-hal/stm32f4xx_hal.o
 .debug_macro   0x000236bf      0x1e9 ./system/src/stm32f4-hal/stm32f4xx_hal.o
 .debug_macro   0x000238a8      0x12d ./system/src/stm32f4-hal/stm32f4xx_hal.o
 .debug_macro   0x000239d5      0x3ad ./system/src/stm32f4-hal/stm32f4xx_hal_cortex.o
 .debug_macro   0x00023d82      0x3e3 ./system/src/stm32f4-hal/stm32f4xx_hal_gpio.o
 .debug_macro   0x00024165      0x3d1 ./system/src/stm32f4-hal/stm32f4xx_hal_rcc.o
 .debug_macro   0x00024536      0x1ae ./system/src/newlib/exit.o
 .debug_macro   0x000246e4      0x163 ./system/src/newlib/sbrk.o
 .debug_macro   0x00024847       0x10 ./system/src/newlib/sbrk.o
 .debug_macro   0x00024857      0x23c ./system/src/newlib/sbrk.o
 .debug_macro   0x00024a93      0x15f ./system/src/newlib/startup.o
 .debug_macro   0x00024bf2      0xac0 ./system/src/newlib/startup.o
 .debug_macro   0x000256b2      0x239 ./system/src/newlib/syscalls.o
 .debug_macro   0x000258eb       0x1c ./system/src/newlib/syscalls.o
 .debug_macro   0x00025907       0x10 ./system/src/newlib/syscalls.o
 .debug_macro   0x00025917       0x10 ./system/src/newlib/syscalls.o
 .debug_macro   0x00025927       0x10 ./system/src/newlib/syscalls.o
 .debug_macro   0x00025937       0x35 ./system/src/newlib/syscalls.o
 .debug_macro   0x0002596c      0x12c ./system/src/newlib/syscalls.o
 .debug_macro   0x00025a98       0xce ./system/src/newlib/syscalls.o
 .debug_macro   0x00025b66       0x7c ./system/src/newlib/syscalls.o
 .debug_macro   0x00025be2       0x17 ./system/src/newlib/syscalls.o
 .debug_macro   0x00025bf9      0x118 ./system/src/newlib/syscalls.o
 .debug_macro   0x00025d11      0x18a ./system/src/newlib/syscalls.o
 .debug_macro   0x00025e9b       0x16 ./system/src/newlib/syscalls.o
 .debug_macro   0x00025eb1      0x50d ./system/src/diag/trace-impl.o
 .debug_macro   0x000263be       0x10 ./system/src/diag/trace-impl.o
 .debug_macro   0x000263ce       0x22 ./system/src/diag/trace-impl.o
 .debug_macro   0x000263f0      0x1f4 ./system/src/diag/trace.o
 .debug_macro   0x000265e4       0x16 ./system/src/diag/trace.o
 .debug_macro   0x000265fa       0x9e ./system/src/diag/trace.o
 .debug_macro   0x00026698      0x10b ./system/src/diag/trace.o
 .debug_macro   0x000267a3       0x10 ./system/src/diag/trace.o
 .debug_macro   0x000267b3       0x16 ./system/src/diag/trace.o
 .debug_macro   0x000267c9       0x16 ./system/src/diag/trace.o
 .debug_macro   0x000267df      0x170 ./system/src/diag/trace.o
 .debug_macro   0x0002694f       0x4c ./system/src/diag/trace.o
 .debug_macro   0x0002699b       0xc1 ./system/src/diag/trace.o
 .debug_macro   0x00026a5c       0x16 ./system/src/diag/trace.o
 .debug_macro   0x00026a72      0x56b ./system/src/cortexm/exception-handlers.o
 .debug_macro   0x00026fdd       0x10 ./system/src/cortexm/exception-handlers.o
 .debug_macro   0x00026fed      0x3b7 ./system/src/cortexm/initialize-hardware.o
 .debug_macro   0x000273a4      0x3b3 ./system/src/cmsis/system_stm32f4xx.o
 .debug_macro   0x00027757       0x34 ./system/src/cmsis/vectors_stm32f407xx.o
 .debug_macro   0x0002778b      0x4f2 ./src/initialize-hardware.o
 .debug_macro   0x00027c7d      0x3bc ./src/led.o
 .debug_macro   0x00028039       0x28 ./src/led.o
 .debug_macro   0x00028061      0x5b4 ./src/main.o
 .debug_macro   0x00028615       0x54 ./src/main.o
 .debug_macro   0x00028669       0x2e ./src/main.o
 .debug_macro   0x00028697      0x3ad ./src/stm32f4xx_hal_msp.o
 .debug_macro   0x00028a44      0x3d0 ./src/timer.o
 .debug_macro   0x00028e14       0x10 ./src/timer.o
